// Jest Snapshot v1, https://goo.gl/fbAQLP

exports[`should mock correctly 1`] = `"mocked content"`;
